// Jest Snapshot v1, https://goo.gl/fbAQLP

exports[`<Button /> should render the heading 1`] = `
<main
  class="styles__Wrapper-ipTlX"
>
  <h1>
    Button
  </h1>
  <p>
    Prop1Text
  </p>
</main>
`;
